  [1/49] /404.html                                desk   0.2/  0.2M   phone   0.2/  0.2M
  [2/49] /about.html                              desk   0.4/  0.4M   phone   0.4/  0.5M
  [3/49] /brief.html                              desk   0.2/  0.2M   phone   0.2/  0.2M
  [4/49] /collective.html                         desk   0.3/  0.3M   phone   0.3/  0.3M
  [5/49] /contact.html                            desk   0.2/  0.2M   phone   0.2/  0.2M
  [6/49] /index.html                              desk   2.0/  3.6M   phone   1.8/  3.0M
  [7/49] /lab.html                                desk   0.4/  0.4M   phone   0.3/  0.4M
  [8/49] /lab/marbled-ink-orb.html                desk   0.1/  0.1M   phone   0.1/  0.1M
  [9/49] /lab/noise-field.html                    desk   0.0/  0.0M   phone   0.0/  0.0M
  [10/49] /projects/aa/embeds/aa-home-live.html    desk  10.4/ 12.1M   phone  10.4/ 12.1M
  [11/49] /projects/al-berwaz.html                 desk   0.5/  0.5M   phone   0.4/  0.4M
  [12/49] /projects/anfasic.html                   desk   3.3/  3.3M   phone   1.2/  1.2M
  [13/49] /projects/ant-live/index.html            desk   3.5/  3.7M   phone   3.3/  3.8M
  [14/49] /projects/ant-systems.html               desk   0.3/  0.3M   phone   0.2/  0.2M
  [15/49] /projects/aquatic-architects.html        desk  16.5/ 18.2M   phone   1.0/  1.0M
  [16/49] /projects/arga.html                      desk   0.6/  0.8M   phone   0.2/  0.3M
  [17/49] /projects/art-post-office.html           desk   1.8/  1.9M   phone   1.8/  1.8M
  [18/49] /projects/barbie.html                    desk   0.4/  0.5M   phone   0.3/  0.4M
  [19/49] /projects/coffee-merchant.html           desk   1.3/  1.3M   phone   1.3/  1.3M
  [20/49] /projects/denim.html                     desk   0.8/  0.8M   phone   0.6/  0.6M
  [21/49] /projects/disney-plus.html               desk   3.9/  4.0M   phone   3.9/  4.0M
  [22/49] /projects/echoes-of-light.html           desk   4.2/  4.6M   phone   5.2/  5.4M
  [23/49] /projects/fabrika.html                   desk   0.7/  0.7M   phone   0.5/  0.5M
  [24/49] /projects/hind-al-oud.html               desk  14.9/ 15.0M   phone   1.3/  1.3M
  [25/49] /projects/illusorr-spaces.html           desk   1.7/  1.7M   phone   1.7/  1.7M
  [26/49] /projects/khaltat.html                   desk   0.7/  0.9M   phone   0.5/  0.5M
  [27/49] /projects/koton-lookbook-russia.html     desk   0.7/  0.8M   phone   0.6/  0.6M
  [28/49] /projects/lap/embeds/lapillus-home-live.html desk   1.6/  1.6M   phone   1.6/  1.6M
  [29/49] /projects/lapillus.html                  desk   8.0/  8.0M   phone   0.6/  0.6M
  [30/49] /projects/metaculture.html               desk   0.9/ 18.7M   phone   0.9/  8.5M
  [31/49] /projects/metagenus.html                 desk  11.8/ 13.0M   phone   3.2/  3.4M
  [32/49] /projects/michael-cinco.html             desk   0.6/  1.0M   phone   0.6/  0.7M
  [33/49] /projects/moodie-kiosk.html              desk   0.8/  0.8M   phone   0.5/  0.5M
  [34/49] /projects/morphellum.html                desk   0.9/  1.0M   phone   0.9/  1.0M
  [35/49] /projects/optiverse.html                 desk   1.2/  1.7M   phone   1.1/  1.4M
  [36/49] /projects/pera.html                      desk   1.0/  1.3M   phone   0.6/  0.7M
  [37/49] /projects/pixelpaint.html                desk   2.4/  3.5M   phone   2.8/  3.0M
  [38/49] /projects/pylon.html                     desk   0.4/  0.6M   phone   4.4/  4.4M
  [39/49] /projects/riyadhverse.html               desk   1.3/  1.3M   phone   1.7/  1.7M
  [40/49] /projects/trt-metaverse.html             desk   2.0/  2.3M   phone   2.0/  2.2M
  [41/49] /projects/u-hub-metaverse.html           desk   1.0/  1.2M   phone   1.0/  1.1M
  [42/49] /sectors.html                            desk   1.0/  1.0M   phone   1.0/  1.0M
  [43/49] /sectors/beauty.html                     desk   1.0/  1.0M   phone   1.0/  1.1M
  [44/49] /sectors/business.html                   desk   1.3/  1.3M   phone   1.3/  1.3M
  [45/49] /sectors/culture.html                    desk   1.0/  1.0M   phone   1.0/  1.0M
  [46/49] /sectors/fashion.html                    desk   1.4/  1.4M   phone   1.4/  1.4M
  [47/49] /sectors/gaming.html                     desk   1.3/  1.3M   phone   1.3/  1.3M
  [48/49] /sectors/real-estate.html                desk   1.0/  1.0M   phone   0.9/  0.9M
  [49/49] /work.html                               desk   3.4/  3.4M   phone   3.2/  3.2M

  written tools/_weight-audit.json
  pages over the 5 MB on-load budget: 6
    /projects/aa/embeds/aa-home-live.html  desktop 10.4 MB  phone 10.4 MB
    /projects/aquatic-architects.html  desktop 16.5 MB  phone 1.0 MB
    /projects/echoes-of-light.html  desktop 4.2 MB  phone 5.2 MB
    /projects/hind-al-oud.html  desktop 14.9 MB  phone 1.3 MB
    /projects/lapillus.html  desktop 8.0 MB  phone 0.6 MB
    /projects/metagenus.html  desktop 11.8 MB  phone 3.2 MB
